// Jest Snapshot v1, https://goo.gl/fbAQLP

exports[`Root matches snapshot 1`] = `
<DocumentFragment>
  <section
    class="sc-bdfBQB bMrpEf"
    data-testid="__null-page__"
  />
</DocumentFragment>
`;
