// Jest Snapshot v1, https://goo.gl/fbAQLP

exports[`JsonEditor matches snapshot 1`] = `
<DocumentFragment>
  <div>
    <div
      class="react-codemirror2"
    >
      <div
        class="CodeMirror cm-s-neat"
        translate="no"
      >
        <div
          style="overflow: hidden; position: relative; width: 3px; height: 0px;"
        >
          <textarea
            autocapitalize="off"
            autocorrect="off"
            spellcheck="false"
            style="position: absolute; bottom: -1em; padding: 0px; width: 1000px; height: 1em; outline: none;"
            tabindex="0"
          />
        </div>
        <div
          class="CodeMirror-vscrollbar"
          cm-not-content="true"
          tabindex="-1"
        >
          <div
            style="min-width: 1px;"
          />
        </div>
        <div
          class="CodeMirror-hscrollbar"
          cm-not-content="true"
          tabindex="-1"
        >
          <div
            style="height: 100%; min-height: 1px;"
          />
        </div>
        <div
          class="CodeMirror-scrollbar-filler"
          cm-not-content="true"
        />
        <div
          class="CodeMirror-gutter-filler"
          cm-not-content="true"
        />
        <div
          class="CodeMirror-scroll"
          tabindex="-1"
        >
          <div
            class="CodeMirror-sizer"
            style="margin-left: 0px; min-width: 3px;"
          >
            <div
              style="position: relative;"
            >
              <div
                class="CodeMirror-lines"
                role="presentation"
              >
                <div
                  role="presentation"
                  style="position: relative; outline: none;"
                >
                  <div
                    class="CodeMirror-measure"
                  >
                    <span>
                      <span>
                        ​
                      </span>
                      x
                    </span>
                  </div>
                  <div
                    class="CodeMirror-measure"
                  >
                    <pre
                      class="CodeMirror-line"
                      role="presentation"
                    >
                      <span
                        role="presentation"
                        style="padding-right: .1px;"
                      >
                        <span
                          cm-text=""
                          style="display: inline-block; width: 1px; margin-right: -1px;"
                        >
                           
                        </span>
                      </span>
                    </pre>
                  </div>
                  <div
                    style="position: relative; z-index: 1;"
                  />
                  <div
                    class="CodeMirror-cursors"
                  />
                  <div
                    class="CodeMirror-code"
                    role="presentation"
                  />
                </div>
              </div>
            </div>
          </div>
          <div
            style="position: absolute; height: 50px; width: 1px;"
          />
          <div
            class="CodeMirror-gutters"
            style="left: 0px;"
          >
            <div
              class="CodeMirror-gutter CodeMirror-linenumbers"
              style="width: 1px;"
            />
            <div
              class="CodeMirror-gutter CodeMirror-foldgutter"
            />
            <div
              class="CodeMirror-gutter CodeMirror-lint-markers"
            />
          </div>
        </div>
      </div>
    </div>
  </div>
</DocumentFragment>
`;
