// Jest Snapshot v1, https://goo.gl/fbAQLP

exports[`Table matches snapshot 1`] = `
<DocumentFragment>
  <div
    class="sc-aKXVD fEmcyS"
  >
    <div
      class="ant-table-wrapper sc-kmATbt AOMwP"
    >
      <div
        class="ant-spin-nested-loading"
      >
        <div
          class="ant-spin-container"
        >
          <div
            class="ant-table ant-table-middle ant-table-empty ant-table-fixed-header ant-table-scroll-horizontal"
          >
            <div
              class="ant-table-container"
            >
              <div
                class="ant-table-header"
                style="overflow: hidden;"
              >
                <table
                  style="table-layout: fixed;"
                >
                  <thead
                    class="ant-table-thead"
                  >
                    <tr>
                      <th
                        class="ant-table-cell"
                      />
                    </tr>
                  </thead>
                </table>
              </div>
              <div
                class="ant-table-body"
                style="overflow-x: auto; overflow-y: scroll; max-height: 0;"
              >
                <table
                  style="min-width: 100%; table-layout: auto;"
                >
                  <colgroup />
                  <tbody
                    class="ant-table-tbody"
                  >
                    <tr
                      aria-hidden="true"
                      class="ant-table-measure-row"
                      style="height: 0px; font-size: 0px;"
                    >
                      <td
                        style="padding: 0px; border: 0px; height: 0px;"
                      >
                        <div
                          style="height: 0px; overflow: hidden;"
                        >
                          Â 
                        </div>
                      </td>
                    </tr>
                    <tr
                      class="ant-table-placeholder"
                    >
                      <td
                        class="ant-table-cell"
                      >
                        <div
                          class="ant-table-expanded-row-fixed"
                          style="width: 0px; position: sticky; left: 0px; overflow: hidden;"
                        >
                          <div
                            class="ant-empty ant-empty-normal"
                          >
                            <div
                              class="ant-empty-image"
                            >
                              <svg
                                class="ant-empty-img-simple"
                                height="41"
                                viewBox="0 0 64 41"
                                width="64"
                                xmlns="http://www.w3.org/2000/svg"
                              >
                                <g
                                  fill="none"
                                  fill-rule="evenodd"
                                  transform="translate(0 1)"
                                >
                                  <ellipse
                                    class="ant-empty-img-simple-ellipse"
                                    cx="32"
                                    cy="33"
                                    rx="32"
                                    ry="7"
                                  />
                                  <g
                                    class="ant-empty-img-simple-g"
                                    fill-rule="nonzero"
                                  >
                                    <path
                                      d="M55 12.76L44.854 1.258C44.367.474 43.656 0 42.907 0H21.093c-.749 0-1.46.474-1.947 1.257L9 12.761V22h46v-9.24z"
                                    />
                                    <path
                                      class="ant-empty-img-simple-path"
                                      d="M41.613 15.931c0-1.605.994-2.93 2.227-2.931H55v18.137C55 33.26 53.68 35 52.05 35h-40.1C10.32 35 9 33.259 9 31.137V13h11.16c1.233 0 2.227 1.323 2.227 2.928v.022c0 1.605 1.005 2.901 2.237 2.901h14.752c1.232 0 2.237-1.308 2.237-2.913v-.007z"
                                    />
                                  </g>
                                </g>
                              </svg>
                            </div>
                            <div
                              class="ant-empty-description"
                            >
                              No Data
                            </div>
                          </div>
                        </div>
                      </td>
                    </tr>
                  </tbody>
                </table>
              </div>
            </div>
          </div>
        </div>
      </div>
    </div>
  </div>
</DocumentFragment>
`;
