// Jest Snapshot v1, https://goo.gl/fbAQLP

exports[`DesignStepPage matches snapshot 1`] = `
<DocumentFragment>
  <div>
    DesignStepPage
  </div>
</DocumentFragment>
`;
