// Jest Snapshot v1, https://goo.gl/fbAQLP

exports[`GuideStepPage matches snapshot 1`] = `
<DocumentFragment>
  <div
    class="sc-gsBqHK bKJurg"
  >
    <div
      class="ant-space ant-space-horizontal ant-space-align-center sc-aKXVD UYnSr"
    >
      <div
        class="ant-space-item"
        style="margin-right: 8px;"
      >
        configurationProject:guide.edit
      </div>
      <div
        class="ant-space-item"
        style="margin-right: 8px;"
      >
        <button
          aria-checked="false"
          class="ant-switch"
          role="switch"
          type="button"
        >
          <div
            class="ant-switch-handle"
          />
          <span
            class="ant-switch-inner"
          />
        </button>
      </div>
      <div
        class="ant-space-item"
      >
        configurationProject:guide.tutorial
      </div>
    </div>
    <div
      class="ant-row"
      style="margin: -4px -4px -4px -4px;"
    >
      <div
        class="ant-col ant-col-sm-24 ant-col-md-12"
        style="padding: 4px 4px 4px 4px;"
      >
        <textarea
          class="ant-input"
          style="height: 0px; min-height: -48px; max-height: 9007199254740991px; overflow-y: hidden; resize: none; overflow-x: hidden;"
        />
      </div>
      <div
        class="ant-col ant-col-sm-24 ant-col-md-12"
        style="padding: 4px 4px 4px 4px;"
      >
        <div
          class="sc-kmATbt hCQifD markdown-body"
        />
      </div>
    </div>
  </div>
</DocumentFragment>
`;
