// Jest Snapshot v1, https://goo.gl/fbAQLP

exports[`LabelingStepPage matches snapshot 1`] = `
<DocumentFragment>
  <div
    class="sc-gsBqHK VhZPD"
  >
    <form
      class="ant-form ant-form-vertical sc-cHjwLt Finud"
    >
      <div
        class="ant-collapse ant-collapse-borderless ant-collapse-icon-position-right sc-dRPjRY dKxtdD"
      >
        <div
          class="ant-collapse-item ant-collapse-item-active"
        >
          <div
            aria-expanded="true"
            class="ant-collapse-header"
            role="button"
            tabindex="0"
          >
            <span
              aria-label="up"
              class="anticon anticon-up ant-collapse-arrow"
              role="img"
            >
              <svg
                aria-hidden="true"
                data-icon="up"
                fill="currentColor"
                focusable="false"
                height="1em"
                viewBox="64 64 896 896"
                width="1em"
              >
                <path
                  d="M890.5 755.3L537.9 269.2c-12.8-17.6-39-17.6-51.7 0L133.5 755.3A8 8 0 00140 768h75c5.1 0 9.9-2.5 12.9-6.6L512 369.8l284.1 391.6c3 4.1 7.8 6.6 12.9 6.6h75c6.5 0 10.3-7.4 6.5-12.7z"
                />
              </svg>
            </span>
            <span
              class="sc-aKXVD jVjqnU"
            >
              <div
                class="ant-row ant-form-item"
              >
                <div
                  class="ant-col ant-form-item-control"
                >
                  <div
                    class="ant-form-item-control-input"
                  >
                    <div
                      class="ant-form-item-control-input-content"
                    />
                  </div>
                </div>
              </div>
            </span>
            <div
              class="ant-collapse-extra"
            >
              <span
                aria-label="delete"
                class="anticon anticon-delete sc-kmATbt cHnOjP"
                role="img"
                tabindex="-1"
              >
                <svg
                  aria-hidden="true"
                  data-icon="delete"
                  fill="currentColor"
                  focusable="false"
                  height="1em"
                  viewBox="64 64 896 896"
                  width="1em"
                >
                  <path
                    d="M864 256H736v-80c0-35.3-28.7-64-64-64H352c-35.3 0-64 28.7-64 64v80H160c-17.7 0-32 14.3-32 32v32c0 4.4 3.6 8 8 8h60.4l24.7 523c1.6 34.1 29.8 61 63.9 61h454c34.2 0 62.3-26.8 63.9-61l24.7-523H888c4.4 0 8-3.6 8-8v-32c0-17.7-14.3-32-32-32zm-200 0H360v-72h304v72z"
                  />
                </svg>
              </span>
            </div>
          </div>
          <div
            class="ant-collapse-content ant-collapse-content-active"
          >
            <div
              class="ant-collapse-content-box"
            >
              <div
                class="ant-row"
                style="margin: -4px -4px -4px -4px;"
              >
                <div
                  class="ant-col"
                  style="padding: 4px 4px 4px 4px;"
                >
                  <div
                    class="ant-space ant-space-horizontal ant-space-align-center"
                  >
                    <div
                      class="ant-space-item"
                      style="margin-right: 24px;"
                    >
                      <div
                        class="ant-row ant-form-item"
                      >
                        <div
                          class="ant-col ant-form-item-label"
                        >
                          <label
                            class="ant-form-item-required"
                            for="labeling_0_name"
                            title="configurationProject:labeling.form.name"
                          >
                            configurationProject:labeling.form.name
                          </label>
                        </div>
                        <div
                          class="ant-col ant-form-item-control"
                        >
                          <div
                            class="ant-form-item-control-input"
                          >
                            <div
                              class="ant-form-item-control-input-content"
                            >
                              <input
                                class="ant-input"
                                id="labeling_0_name"
                                placeholder="configurationProject:labeling.form.name"
                                style="width: 100%;"
                                type="text"
                                value=""
                              />
                            </div>
                          </div>
                        </div>
                      </div>
                    </div>
                    <div
                      class="ant-space-item"
                    >
                      <span
                        aria-label="delete"
                        class="anticon anticon-delete sc-kmATbt cHnOjP"
                        role="img"
                        tabindex="-1"
                      >
                        <svg
                          aria-hidden="true"
                          data-icon="delete"
                          fill="currentColor"
                          focusable="false"
                          height="1em"
                          viewBox="64 64 896 896"
                          width="1em"
                        >
                          <path
                            d="M864 256H736v-80c0-35.3-28.7-64-64-64H352c-35.3 0-64 28.7-64 64v80H160c-17.7 0-32 14.3-32 32v32c0 4.4 3.6 8 8 8h60.4l24.7 523c1.6 34.1 29.8 61 63.9 61h454c34.2 0 62.3-26.8 63.9-61l24.7-523H888c4.4 0 8-3.6 8-8v-32c0-17.7-14.3-32-32-32zm-200 0H360v-72h304v72z"
                          />
                        </svg>
                      </span>
                    </div>
                  </div>
                </div>
              </div>
              <div
                class="ant-row"
                style="margin: -4px -4px -4px -4px;"
              >
                <div
                  class="ant-col ant-col-4"
                  style="padding: 4px 4px 4px 4px;"
                >
                  <div
                    class="ant-row ant-form-item"
                  >
                    <div
                      class="ant-col ant-form-item-label"
                    >
                      <label
                        class="ant-form-item-required"
                        for="labeling_0_type"
                        title="configurationProject:labeling.form.type"
                      >
                        configurationProject:labeling.form.type
                      </label>
                    </div>
                    <div
                      class="ant-col ant-form-item-control"
                    >
                      <div
                        class="ant-form-item-control-input"
                      >
                        <div
                          class="ant-form-item-control-input-content"
                        >
                          <div
                            class="ant-select ant-select-single ant-select-show-arrow"
                          >
                            <div
                              class="ant-select-selector"
                            >
                              <span
                                class="ant-select-selection-search"
                              >
                                <input
                                  aria-activedescendant="labeling_0_type_list_0"
                                  aria-autocomplete="list"
                                  aria-controls="labeling_0_type_list"
                                  aria-haspopup="listbox"
                                  aria-owns="labeling_0_type_list"
                                  autocomplete="off"
                                  class="ant-select-selection-search-input"
                                  id="labeling_0_type"
                                  readonly=""
                                  role="combobox"
                                  style="opacity: 0;"
                                  type="search"
                                  unselectable="on"
                                  value=""
                                />
                              </span>
                              <span
                                class="ant-select-selection-placeholder"
                              />
                            </div>
                            <span
                              aria-hidden="true"
                              class="ant-select-arrow"
                              style="user-select: none;"
                              unselectable="on"
                            >
                              <span
                                aria-label="down"
                                class="anticon anticon-down ant-select-suffix"
                                role="img"
                              >
                                <svg
                                  aria-hidden="true"
                                  data-icon="down"
                                  fill="currentColor"
                                  focusable="false"
                                  height="1em"
                                  viewBox="64 64 896 896"
                                  width="1em"
                                >
                                  <path
                                    d="M884 256h-75c-5.1 0-9.9 2.5-12.9 6.6L512 654.2 227.9 262.6c-3-4.1-7.8-6.6-12.9-6.6h-75c-6.5 0-10.3 7.4-6.5 12.7l352.6 486.1c12.8 17.6 39 17.6 51.7 0l352.6-486.1c3.9-5.3.1-12.7-6.4-12.7z"
                                  />
                                </svg>
                              </span>
                            </span>
                          </div>
                        </div>
                      </div>
                    </div>
                  </div>
                </div>
              </div>
              <div
                class="sc-hYZPxA diBRmJ"
              />
              <div
                class="ant-row ant-form-item"
              >
                <div
                  class="ant-col ant-form-item-control"
                >
                  <div
                    class="ant-form-item-control-input"
                  >
                    <div
                      class="ant-form-item-control-input-content"
                    >
                      <button
                        class="ant-btn ant-btn-primary ant-btn-background-ghost"
                        type="button"
                      >
                        <span>
                          configurationProject:labeling.addLabel
                        </span>
                      </button>
                    </div>
                  </div>
                </div>
              </div>
            </div>
          </div>
        </div>
      </div>
      <div
        class="sc-JAcba fXvNeP"
      >
        <div
          class="ant-row ant-form-item"
        >
          <div
            class="ant-col ant-form-item-control"
          >
            <div
              class="ant-form-item-control-input"
            >
              <div
                class="ant-form-item-control-input-content"
              >
                <button
                  class="ant-btn ant-btn-primary ant-btn-background-ghost"
                  type="button"
                >
                  <span>
                    configurationProject:labeling.addTask
                  </span>
                </button>
              </div>
            </div>
          </div>
        </div>
        <div
          class="ant-row ant-form-item"
        >
          <div
            class="ant-col ant-form-item-control"
          >
            <div
              class="ant-form-item-control-input"
            >
              <div
                class="ant-form-item-control-input-content"
              >
                <button
                  class="ant-btn ant-btn-ghost"
                  disabled=""
                  type="button"
                >
                  <span>
                    configurationProject:exportButton
                  </span>
                </button>
              </div>
            </div>
          </div>
        </div>
      </div>
    </form>
  </div>
</DocumentFragment>
`;
