// Jest Snapshot v1, https://goo.gl/fbAQLP

exports[`PreviewStepPage matches snapshot 1`] = `
<DocumentFragment>
  <div>
    PreviewStepPage
  </div>
</DocumentFragment>
`;
