// Jest Snapshot v1, https://goo.gl/fbAQLP

exports[`CheckLabelList matches snapshot with no data 1`] = `
<DocumentFragment>
  <div
    class="sc-aKXVD caceiT"
  />
</DocumentFragment>
`;

exports[`CheckLabelList matches snapshot with tasks && annotations 1`] = `
<DocumentFragment>
  <div
    class="sc-aKXVD caceiT"
  />
</DocumentFragment>
`;

exports[`CheckLabelList matches snapshot with tasks 1`] = `
<DocumentFragment>
  <div
    class="sc-aKXVD caceiT"
  >
    <h5
      class="ant-typography"
    >
      task1
    </h5>
    <div
      class="ant-checkbox-group sc-kmATbt hNisJz"
      data-testid="__check-label-list__"
    >
      <div
        class="ant-row sc-cvJIAo JxHcJ"
      >
        <div
          class="ant-col sc-dkmKIT dRjAvl"
        >
          <div
            class="sc-gIRjGK leRpwN"
            data-testid="__checkbox__"
          >
            <div
              class="sc-tkKUh drvlnY"
            />
            <div
              class="sc-jLiVFv mrmQC"
            >
              <label
                class="ant-checkbox-wrapper"
              >
                <span
                  class="ant-checkbox"
                >
                  <input
                    class="ant-checkbox-input"
                    type="checkbox"
                    value="value1.1"
                  />
                  <span
                    class="ant-checkbox-inner"
                  />
                </span>
              </label>
              <span
                class="ant-typography ant-typography-ellipsis ant-typography-single-line sc-fybuyZ bbPKtW"
              >
                label1.1
              </span>
            </div>
            <div
              class="sc-bUrLeq kAtkRI"
            >
              <kbd
                class="sc-gsBqHK gdjmQG"
              >
                a
              </kbd>
            </div>
          </div>
        </div>
        <div
          class="ant-col sc-dkmKIT dRjAvl"
        >
          <div
            class="sc-gIRjGK leRpwN"
            data-testid="__checkbox__"
          >
            <div
              class="sc-tkKUh drvlnY"
            />
            <div
              class="sc-jLiVFv mrmQC"
            >
              <label
                class="ant-checkbox-wrapper"
              >
                <span
                  class="ant-checkbox"
                >
                  <input
                    class="ant-checkbox-input"
                    type="checkbox"
                    value="value1.2"
                  />
                  <span
                    class="ant-checkbox-inner"
                  />
                </span>
              </label>
              <span
                class="ant-typography ant-typography-ellipsis ant-typography-single-line sc-fybuyZ bbPKtW"
              >
                label1.2
              </span>
            </div>
            <div
              class="sc-bUrLeq kAtkRI"
            />
          </div>
        </div>
      </div>
    </div>
  </div>
</DocumentFragment>
`;
