// Jest Snapshot v1, https://goo.gl/fbAQLP

exports[`HeaderItemContainer matches snapshot 1`] = `
<DocumentFragment>
  <div
    class="sc-gsBqHK cBlUHF"
  >
    <span
      class="sc-aKXVD"
    >
      project:annotation.itemName
    </span>
  </div>
</DocumentFragment>
`;
