// Jest Snapshot v1, https://goo.gl/fbAQLP

exports[`HtmlItem matches snapshot 1`] = `
<DocumentFragment>
  <div
    class="sc-grxQYx iTBcUt"
    data-testid="__html-item__"
  >
    <div
      class="sc-ZqGJI"
    />
  </div>
</DocumentFragment>
`;
