// Jest Snapshot v1, https://goo.gl/fbAQLP

exports[`NerContainer matches snapshot 1`] = `
<DocumentFragment>
  <div
    class="sc-gIRjGK cfIThO"
  >
    <p
      class="sc-iWFTwQ kEuTqb"
    >
      <span
        class="sc-dRPjRY fbepjf"
      />
    </p>
  </div>
</DocumentFragment>
`;
