// Jest Snapshot v1, https://goo.gl/fbAQLP

exports[`SettingsDrawer matches snapshot 1`] = `
<DocumentFragment>
  <div
    class=""
  >
    <div
      class="ant-drawer ant-drawer-left sc-gsBqHK cQSSJx"
      tabindex="-1"
    >
      <div
        class="ant-drawer-mask"
      />
      <div
        class="ant-drawer-content-wrapper"
        style="transform: translateX(-100%); width: 320px;"
      >
        <div
          class="ant-drawer-content"
        >
          <div
            class="ant-drawer-wrapper-body"
          >
            <div
              class="ant-drawer-body"
            >
              <div
                class="ant-row sc-aKXVD bJlwGZ"
              >
                <div
                  class="sc-kmATbt hPoARU"
                >
                  project:projectSettings.title
                </div>
                <span
                  aria-label="left-circle"
                  class="anticon anticon-left-circle sc-cvJIAo dDDzUF"
                  role="img"
                >
                  <svg
                    aria-hidden="true"
                    data-icon="left-circle"
                    fill="currentColor"
                    focusable="false"
                    height="1em"
                    viewBox="64 64 896 896"
                    width="1em"
                  >
                    <path
                      d="M512 64C264.6 64 64 264.6 64 512s200.6 448 448 448 448-200.6 448-448S759.4 64 512 64zm104 316.9c0 10.2-4.9 19.9-13.2 25.9L457.4 512l145.4 105.2c8.3 6 13.2 15.6 13.2 25.9V690c0 6.5-7.4 10.3-12.7 6.5l-246-178a7.95 7.95 0 010-12.9l246-178a8 8 0 0112.7 6.5v46.8z"
                    />
                  </svg>
                </span>
              </div>
              <form
                class="ant-form ant-form-vertical"
              >
                <div
                  class="ant-row ant-form-item"
                >
                  <div
                    class="ant-col ant-form-item-label"
                  >
                    <label
                      class=""
                      for="showPredictions"
                      title="project:projectSettings.showPredictions"
                    >
                      project:projectSettings.showPredictions
                    </label>
                  </div>
                  <div
                    class="ant-col ant-form-item-control"
                  >
                    <div
                      class="ant-form-item-control-input"
                    >
                      <div
                        class="ant-form-item-control-input-content"
                      >
                        <button
                          aria-checked="false"
                          class="ant-switch"
                          id="showPredictions"
                          role="switch"
                          type="button"
                        >
                          <div
                            class="ant-switch-handle"
                          />
                          <span
                            class="ant-switch-inner"
                          />
                        </button>
                      </div>
                    </div>
                  </div>
                </div>
                <div
                  class="ant-row ant-form-item"
                >
                  <div
                    class="ant-col ant-form-item-label"
                  >
                    <label
                      class=""
                      for="prefillPredictions"
                      title="project:projectSettings.prefillPredictions"
                    >
                      project:projectSettings.prefillPredictions
                    </label>
                  </div>
                  <div
                    class="ant-col ant-form-item-control"
                  >
                    <div
                      class="ant-form-item-control-input"
                    >
                      <div
                        class="ant-form-item-control-input-content"
                      >
                        <button
                          aria-checked="false"
                          class="ant-switch"
                          id="prefillPredictions"
                          role="switch"
                          type="button"
                        >
                          <div
                            class="ant-switch-handle"
                          />
                          <span
                            class="ant-switch-inner"
                          />
                        </button>
                      </div>
                    </div>
                  </div>
                </div>
              </form>
            </div>
          </div>
        </div>
      </div>
    </div>
  </div>
</DocumentFragment>
`;
