// Jest Snapshot v1, https://goo.gl/fbAQLP

exports[`TextItemContainer matches snapshot 1`] = `
<DocumentFragment>
  <div
    class="sc-gsBqHK bmaRKC"
  >
    <p
      class="sc-aKXVD"
    />
  </div>
</DocumentFragment>
`;
