// Jest Snapshot v1, https://goo.gl/fbAQLP

exports[`Col matches snapshot 1`] = `
<DocumentFragment>
  <div
    class="ant-col sc-bdfBQB gaChjQ"
  >
    Foo
  </div>
</DocumentFragment>
`;
