// Jest Snapshot v1, https://goo.gl/fbAQLP

exports[`Row matches snapshot 1`] = `
<DocumentFragment>
  <div
    class="ant-row sc-bdfBQB gaChjQ"
  >
    Foo
  </div>
</DocumentFragment>
`;
