// Jest Snapshot v1, https://goo.gl/fbAQLP

exports[`ErrorBoundary matches snapshot 1`] = `<DocumentFragment />`;
